python : Creating test database for alias 'default'...
At line:1 char:1
+ python manage.py test > test_output.txt 2>&1
+ ~~~~~~~~~~~~~~~~~~~~~~~~~~~~~~~~~~~~~~~~~~~~
    + CategoryInfo          : NotSpecified: (Creating test d...as 'default'...:String) [], RemoteException
    + FullyQualifiedErrorId : NativeCommandError
 

Found 10 test(s).
System check identified no issues (0 silenced).
..F.F.....
======================================================================
FAIL: test_future_question (polls.tests.QuestionIndexViewTests.test_future_question)
Questions with a pub_date in the future aren't displayed on
----------------------------------------------------------------------
Traceback (most recent call last):
  File "C:\Users\akbas\OneDrive\Masa³st³\Django 8 tutorials\polls\tests.py", line 78, in test_future_question
    self.assertContains(response, "No polls are available.")
    ~~~~~~~~~~~~~~~~~~~^^^^^^^^^^^^^^^^^^^^^^^^^^^^^^^^^^^^^
  File "C:\Users\akbas\AppData\Local\Programs\Python\Python313\Lib\site-packages\django\test\testcases.py", line 623, i
n assertContains
    self.assertTrue(
    ~~~~~~~~~~~~~~~^
        real_count != 0,
        ^^^^^^^^^^^^^^^^
    ...<3 lines>...
        ),
        ^^
    )
    ^
AssertionError: False is not true : Couldn't find 'No polls are available.' in the following response
b'\n<!DOCTYPE html>\n<html lang="tr">\n<head>\n    <meta charset="UTF-8">\n    <meta name="viewport" content="width=dev
ice-width, initial-scale=1.0">\n    <title>CyberPoll \xe2\x80\x94 Siber G\xc3\xbcvenlik Anketi</title>\n    <link href=
"https://cdn.jsdelivr.net/npm/bootstrap@5.3.3/dist/css/bootstrap.min.css" rel="stylesheet">\n    <link rel="stylesheet"
 href="https://cdn.jsdelivr.net/npm/bootstrap-icons@1.11.3/font/bootstrap-icons.min.css">\n    <link href="https://font
s.googleapis.com/css2?family=Inter:wght@300;400;500;600;700;800&display=swap" rel="stylesheet">\n    <!-- Core Styleshe
et -->\n    <link href="/static/polls/cyber_theme.css" rel="stylesheet">\n</head>\n<body>\n    <div class="bg-gradient-
animated"></div>\n    <div class="orb orb-1"></div>\n    <div class="orb orb-2"></div>\n    <div class="orb orb-3"></di
v>\n\n    <div class="content-wrapper">\n        <!-- Component: Navigation Bar -->\n        <nav class="navbar-cyber">
\n            <div class="container d-flex justify-content-between align-items-center">\n                <a href="/poll
s/" class="navbar-brand-cyber">\n                    <span class="brand-icon"><i class="bi bi-shield-lock-fill"></i></s
pan>\n                    CyberPoll\n                </a>\n                <a href="/admin/" class="btn btn-sm" style="
background: var(--glass); border: 1px solid var(--glass-border); color: var(--text-secondary); border-radius: 50px; pad
ding: 0.4rem 1rem; font-size: 0.8rem;">\n                    <i class="bi bi-gear me-1"></i> Y\xc3\xb6netim\n          
      </a>\n            </div>\n        </nav>\n\n        <!-- Component: Hero Section -->\n        <div class="hero">\
n            <div class="hero-badge">\n                <span class="pulse-dot"></span>\n                Aktif Anketler\
n            </div>\n            <h1>Siber G\xc3\xbcvenlik<br>De\xc4\x9ferlendirme Merkezi</h1>\n            <p>Kurumsa
l g\xc3\xbcvenlik politikalar\xc4\xb1, tehdit analizi ve zafiyet de\xc4\x9ferlendirmeleri hakk\xc4\xb1ndaki anketlere k
at\xc4\xb1larak g\xc3\xb6r\xc3\xbc\xc5\x9flerinizi payla\xc5\x9f\xc4\xb1n.</p>\n        </div>\n\n        <!-- Componen
t: Statistics Overview -->\n        <div class="stats-bar">\n            <div class="stat-item">\n                <div 
class="stat-number" id="anketSayisi">0</div>\n                <div class="stat-label">Aktif Anket</div>\n            </
div>\n            <div class="stat-item">\n                <div class="stat-number" id="katilimci">0</div>\n           
     <div class="stat-label">Kat\xc4\xb1l\xc4\xb1mc\xc4\xb1</div>\n            </div>\n            <div class="stat-ite
m">\n                <div class="stat-number" id="tamamlanan">0</div>\n                <div class="stat-label">Tamamlan
an</div>\n            </div>\n        </div>\n\n        <!-- Component: Active Polls Grid -->\n        <div class="cont
ainer">\n            \n                <div class="empty-state">\n                    <i class="bi bi-inbox"></i>\n    
                <p>\xc5\x9eu anda aktif bir siber g\xc3\xbcvenlik anketi bulunmamaktad\xc4\xb1r.</p>\n                <
/div>\n            \n        </div>\n    </div>\n\n    <script>\n        /**\n         * Animates a numerical counter f
rom 0 to the target value.\n         * @param {HTMLElement} el - The DOM element to update.\n         * @param {number}
 target - The final number to reach.\n         * @param {number} duration - Animation duration in milliseconds.\n      
   */\n        function animateCounter(el, target, duration = 2000) {\n            let start = 0;\n            const st
ep = timestamp => {\n                if (!start) start = timestamp;\n                const progress = Math.min((timesta
mp - start) / duration, 1);\n                el.textContent = Math.floor(progress * target);\n                if (progr
ess < 1) requestAnimationFrame(step);\n            };\n            requestAnimationFrame(step);\n        }\n\n        /
**\n         * Intersection Observer to trigger card animations when they enter the viewport.\n         */\n        con
st observer = new IntersectionObserver((entries) => {\n            entries.forEach(entry => {\n                if (entr
y.isIntersecting) {\n                    entry.target.style.animationPlayState = \'running\';\n                }\n     
       });\n        }, { threshold: 0.1 });\n\n        document.querySelectorAll(\'.poll-card\').forEach(card => {\n   
         card.style.animationPlayState = \'paused\';\n            observer.observe(card);\n        });\n\n        /**\n
         * Initializes animations once the window has fully loaded.\n         */\n        window.addEventListener(\'loa
d\', () => {\n            const anketCount = document.querySelectorAll(\'.poll-card\').length;\n            animateCoun
ter(document.getElementById(\'anketSayisi\'), anketCount, 1500);\n            animateCounter(document.getElementById(\'
katilimci\'), 128, 2000);\n            animateCounter(document.getElementById(\'tamamlanan\'), 45, 1800);\n        });\
n\n        /**\n         * Adds a parallax effect to floating background orbs based on mouse movement.\n         * @par
am {MouseEvent} e - The mousemove event object.\n         */\n        document.addEventListener(\'mousemove\', (e) => {
\n            const x = e.clientX / window.innerWidth - 0.5;\n            const y = e.clientY / window.innerHeight - 0.
5;\n            document.querySelectorAll(\'.orb\').forEach((orb, i) => {\n                const speed = (i + 1) * 15;\
n                orb.style.transform += ` translate(${x * speed}px, ${y * speed}px)`;\n            });\n        });\n  
  </script>\n</body>\n</html>\n'

======================================================================
FAIL: test_no_questions (polls.tests.QuestionIndexViewTests.test_no_questions)
If no questions exist, an appropriate message is displayed.
----------------------------------------------------------------------
Traceback (most recent call last):
  File "C:\Users\akbas\OneDrive\Masa³st³\Django 8 tutorials\polls\tests.py", line 56, in test_no_questions
    self.assertContains(response, "No polls are available.")
    ~~~~~~~~~~~~~~~~~~~^^^^^^^^^^^^^^^^^^^^^^^^^^^^^^^^^^^^^
  File "C:\Users\akbas\AppData\Local\Programs\Python\Python313\Lib\site-packages\django\test\testcases.py", line 623, i
n assertContains
    self.assertTrue(
    ~~~~~~~~~~~~~~~^
        real_count != 0,
        ^^^^^^^^^^^^^^^^
    ...<3 lines>...
        ),
        ^^
    )
    ^
AssertionError: False is not true : Couldn't find 'No polls are available.' in the following response
b'\n<!DOCTYPE html>\n<html lang="tr">\n<head>\n    <meta charset="UTF-8">\n    <meta name="viewport" content="width=dev
ice-width, initial-scale=1.0">\n    <title>CyberPoll \xe2\x80\x94 Siber G\xc3\xbcvenlik Anketi</title>\n    <link href=
"https://cdn.jsdelivr.net/npm/bootstrap@5.3.3/dist/css/bootstrap.min.css" rel="stylesheet">\n    <link rel="stylesheet"
 href="https://cdn.jsdelivr.net/npm/bootstrap-icons@1.11.3/font/bootstrap-icons.min.css">\n    <link href="https://font
s.googleapis.com/css2?family=Inter:wght@300;400;500;600;700;800&display=swap" rel="stylesheet">\n    <!-- Core Styleshe
et -->\n    <link href="/static/polls/cyber_theme.css" rel="stylesheet">\n</head>\n<body>\n    <div class="bg-gradient-
animated"></div>\n    <div class="orb orb-1"></div>\n    <div class="orb orb-2"></div>\n    <div class="orb orb-3"></di
v>\n\n    <div class="content-wrapper">\n        <!-- Component: Navigation Bar -->\n        <nav class="navbar-cyber">
\n            <div class="container d-flex justify-content-between align-items-center">\n                <a href="/poll
s/" class="navbar-brand-cyber">\n                    <span class="brand-icon"><i class="bi bi-shield-lock-fill"></i></s
pan>\n                    CyberPoll\n                </a>\n                <a href="/admin/" class="btn btn-sm" style="
background: var(--glass); border: 1px solid var(--glass-border); color: var(--text-secondary); border-radius: 50px; pad
ding: 0.4rem 1rem; font-size: 0.8rem;">\n                    <i class="bi bi-gear me-1"></i> Y\xc3\xb6netim\n          
      </a>\n            </div>\n        </nav>\n\n        <!-- Component: Hero Section -->\n        <div class="hero">\
n            <div class="hero-badge">\n                <span class="pulse-dot"></span>\n                Aktif Anketler\
n            </div>\n            <h1>Siber G\xc3\xbcvenlik<br>De\xc4\x9ferlendirme Merkezi</h1>\n            <p>Kurumsa
l g\xc3\xbcvenlik politikalar\xc4\xb1, tehdit analizi ve zafiyet de\xc4\x9ferlendirmeleri hakk\xc4\xb1ndaki anketlere k
at\xc4\xb1larak g\xc3\xb6r\xc3\xbc\xc5\x9flerinizi payla\xc5\x9f\xc4\xb1n.</p>\n        </div>\n\n        <!-- Componen
t: Statistics Overview -->\n        <div class="stats-bar">\n            <div class="stat-item">\n                <div 
class="stat-number" id="anketSayisi">0</div>\n                <div class="stat-label">Aktif Anket</div>\n            </
div>\n            <div class="stat-item">\n                <div class="stat-number" id="katilimci">0</div>\n           
     <div class="stat-label">Kat\xc4\xb1l\xc4\xb1mc\xc4\xb1</div>\n            </div>\n            <div class="stat-ite
m">\n                <div class="stat-number" id="tamamlanan">0</div>\n                <div class="stat-label">Tamamlan
an</div>\n            </div>\n        </div>\n\n        <!-- Component: Active Polls Grid -->\n        <div class="cont
ainer">\n            \n                <div class="empty-state">\n                    <i class="bi bi-inbox"></i>\n    
                <p>\xc5\x9eu anda aktif bir siber g\xc3\xbcvenlik anketi bulunmamaktad\xc4\xb1r.</p>\n                <
/div>\n            \n        </div>\n    </div>\n\n    <script>\n        /**\n         * Animates a numerical counter f
rom 0 to the target value.\n         * @param {HTMLElement} el - The DOM element to update.\n         * @param {number}
 target - The final number to reach.\n         * @param {number} duration - Animation duration in milliseconds.\n      
   */\n        function animateCounter(el, target, duration = 2000) {\n            let start = 0;\n            const st
ep = timestamp => {\n                if (!start) start = timestamp;\n                const progress = Math.min((timesta
mp - start) / duration, 1);\n                el.textContent = Math.floor(progress * target);\n                if (progr
ess < 1) requestAnimationFrame(step);\n            };\n            requestAnimationFrame(step);\n        }\n\n        /
**\n         * Intersection Observer to trigger card animations when they enter the viewport.\n         */\n        con
st observer = new IntersectionObserver((entries) => {\n            entries.forEach(entry => {\n                if (entr
y.isIntersecting) {\n                    entry.target.style.animationPlayState = \'running\';\n                }\n     
       });\n        }, { threshold: 0.1 });\n\n        document.querySelectorAll(\'.poll-card\').forEach(card => {\n   
         card.style.animationPlayState = \'paused\';\n            observer.observe(card);\n        });\n\n        /**\n
         * Initializes animations once the window has fully loaded.\n         */\n        window.addEventListener(\'loa
d\', () => {\n            const anketCount = document.querySelectorAll(\'.poll-card\').length;\n            animateCoun
ter(document.getElementById(\'anketSayisi\'), anketCount, 1500);\n            animateCounter(document.getElementById(\'
katilimci\'), 128, 2000);\n            animateCounter(document.getElementById(\'tamamlanan\'), 45, 1800);\n        });\
n\n        /**\n         * Adds a parallax effect to floating background orbs based on mouse movement.\n         * @par
am {MouseEvent} e - The mousemove event object.\n         */\n        document.addEventListener(\'mousemove\', (e) => {
\n            const x = e.clientX / window.innerWidth - 0.5;\n            const y = e.clientY / window.innerHeight - 0.
5;\n            document.querySelectorAll(\'.orb\').forEach((orb, i) => {\n                const speed = (i + 1) * 15;\
n                orb.style.transform += ` translate(${x * speed}px, ${y * speed}px)`;\n            });\n        });\n  
  </script>\n</body>\n</html>\n'

----------------------------------------------------------------------
Ran 10 tests in 0.048s

FAILED (failures=2)
Destroying test database for alias 'default'...

